[attack] logreg:C=0.01,log1p=True: roc_auc=0.963314 brier=0.070178
[attack] logreg:C=0.1,log1p=True: roc_auc=0.966459 brier=0.068026
[attack] logreg:C=1.0,log1p=True: roc_auc=0.966556 brier=0.068428
[attack] logreg:C=10.0,log1p=True: roc_auc=0.966623 brier=0.068898
[attack] logreg:C=1.0,log1p=False: roc_auc=0.970072 brier=0.060572
[attack] random_forest:n_estimators=100,min_samples_leaf=1: roc_auc=0.988028 brier=0.051284
[attack] random_forest:n_estimators=300,min_samples_leaf=1: roc_auc=0.989538 brier=0.04476
[attack] random_forest:n_estimators=100,min_samples_leaf=5: roc_auc=0.988865 brier=0.046405
[attack] random_forest:n_estimators=300,min_samples_leaf=5: roc_auc=0.989439 brier=0.043148
[attack] hist_gb:max_iter=100,max_leaf_nodes=15: roc_auc=0.994695 brier=0.023556
[attack] hist_gb:max_iter=100,max_leaf_nodes=31: roc_auc=0.996126 brier=0.019242
[attack] hist_gb:max_iter=300,max_leaf_nodes=15: roc_auc=0.996117 brier=0.018247
[attack] hist_gb:max_iter=300,max_leaf_nodes=31: roc_auc=0.995828 brier=0.018589
[category] logreg:C=0.1,class_weight=None,log1p=True: macro_f1=0.389024 log_loss=0.951119
[category] logreg:C=1.0,class_weight=None,log1p=True: macro_f1=0.41481 log_loss=0.903733
[category] logreg:C=10.0,class_weight=None,log1p=True: macro_f1=0.433948 log_loss=0.88557
[category] logreg:C=0.1,class_weight=balanced,log1p=True: macro_f1=0.430917 log_loss=1.250388
[category] logreg:C=1.0,class_weight=balanced,log1p=True: macro_f1=0.451816 log_loss=1.184675
[category] logreg:C=10.0,class_weight=balanced,log1p=True: macro_f1=0.453421 log_loss=1.160023
[category] logreg:C=1.0,class_weight=None,log1p=False: macro_f1=0.408929 log_loss=0.940407
[category] random_forest:n_estimators=100,class_weight=None: macro_f1=0.618993 log_loss=0.737382
[category] random_forest:n_estimators=300,class_weight=None: macro_f1=0.620841 log_loss=0.661682
[category] random_forest:n_estimators=100,class_weight=balanced_subsample: macro_f1=0.636012 log_loss=0.797483
[category] random_forest:n_estimators=300,class_weight=balanced_subsample: macro_f1=0.633822 log_loss=0.682027
[category] hist_gb:max_iter=100,class_weight=None: macro_f1=0.65259 log_loss=0.553363
[category] hist_gb:max_iter=300,class_weight=None: macro_f1=0.665568 log_loss=0.770019
[category] hist_gb:max_iter=100,class_weight=balanced: macro_f1=0.680714 log_loss=0.548439
[category] hist_gb:max_iter=300,class_weight=balanced: macro_f1=0.6828 log_loss=0.745067
[ablation path] logreg:C=0.1,class_weight=None,log1p=True: macro_f1=0.366449
[ablation path] logreg:C=1.0,class_weight=None,log1p=True: macro_f1=0.39995
[ablation path] logreg:C=10.0,class_weight=None,log1p=True: macro_f1=0.403753
[ablation path] logreg:C=0.1,class_weight=balanced,log1p=True: macro_f1=0.420101
[ablation path] logreg:C=1.0,class_weight=balanced,log1p=True: macro_f1=0.440096
[ablation path] logreg:C=10.0,class_weight=balanced,log1p=True: macro_f1=0.451315
[ablation path] logreg:C=1.0,class_weight=None,log1p=False: macro_f1=0.389168
[ablation path] random_forest:n_estimators=100,class_weight=None: macro_f1=0.598101
[ablation path] random_forest:n_estimators=300,class_weight=None: macro_f1=0.59489
[ablation path] random_forest:n_estimators=100,class_weight=balanced_subsample: macro_f1=0.591471
[ablation path] random_forest:n_estimators=300,class_weight=balanced_subsample: macro_f1=0.598496
[ablation path] hist_gb:max_iter=100,class_weight=None: macro_f1=0.609293
[ablation path] hist_gb:max_iter=300,class_weight=None: macro_f1=0.612717
[ablation path] hist_gb:max_iter=100,class_weight=balanced: macro_f1=0.621427
[ablation path] hist_gb:max_iter=300,class_weight=balanced: macro_f1=0.617412
[ablation path_and_slash_diagnostic] logreg:C=0.1,class_weight=None,log1p=True: macro_f1=0.370048
[ablation path_and_slash_diagnostic] logreg:C=1.0,class_weight=None,log1p=True: macro_f1=0.390307
[ablation path_and_slash_diagnostic] logreg:C=10.0,class_weight=None,log1p=True: macro_f1=0.40904
[ablation path_and_slash_diagnostic] logreg:C=0.1,class_weight=balanced,log1p=True: macro_f1=0.410371
[ablation path_and_slash_diagnostic] logreg:C=1.0,class_weight=balanced,log1p=True: macro_f1=0.439242
[ablation path_and_slash_diagnostic] logreg:C=10.0,class_weight=balanced,log1p=True: macro_f1=0.45216
[ablation path_and_slash_diagnostic] logreg:C=1.0,class_weight=None,log1p=False: macro_f1=0.382182
[ablation path_and_slash_diagnostic] random_forest:n_estimators=100,class_weight=None: macro_f1=0.576538
[ablation path_and_slash_diagnostic] random_forest:n_estimators=300,class_weight=None: macro_f1=0.589489
[ablation path_and_slash_diagnostic] random_forest:n_estimators=100,class_weight=balanced_subsample: macro_f1=0.591741
[ablation path_and_slash_diagnostic] random_forest:n_estimators=300,class_weight=balanced_subsample: macro_f1=0.593046
[ablation path_and_slash_diagnostic] hist_gb:max_iter=100,class_weight=None: macro_f1=0.590509
[ablation path_and_slash_diagnostic] hist_gb:max_iter=300,class_weight=None: macro_f1=0.581833
[ablation path_and_slash_diagnostic] hist_gb:max_iter=100,class_weight=balanced: macro_f1=0.606968
[ablation path_and_slash_diagnostic] hist_gb:max_iter=300,class_weight=balanced: macro_f1=0.601476
[importance] logreg done
[importance] random_forest done
[importance] hist_gb done
select: done
