[attack] logreg:C=0.01,log1p=True: roc_auc=0.962519 brier=0.073023
[attack] logreg:C=0.1,log1p=True: roc_auc=0.966048 brier=0.070623
[attack] logreg:C=1.0,log1p=True: roc_auc=0.967254 brier=0.070513
[attack] logreg:C=10.0,log1p=True: roc_auc=0.96714 brier=0.07104
[attack] logreg:C=1.0,log1p=False: roc_auc=0.96673 brier=0.065139
[attack] random_forest:n_estimators=100,min_samples_leaf=1: roc_auc=0.995349 brier=0.020073
[attack] random_forest:n_estimators=300,min_samples_leaf=1: roc_auc=0.995577 brier=0.019694
[attack] random_forest:n_estimators=100,min_samples_leaf=5: roc_auc=0.994957 brier=0.02375
[attack] random_forest:n_estimators=300,min_samples_leaf=5: roc_auc=0.9952 brier=0.023377
[attack] hist_gb:max_iter=100,max_leaf_nodes=15: roc_auc=0.984333 brier=0.064129
[attack] hist_gb:max_iter=100,max_leaf_nodes=31: roc_auc=0.986065 brier=0.067424
[attack] hist_gb:max_iter=300,max_leaf_nodes=15: roc_auc=0.984916 brier=0.079026
[attack] hist_gb:max_iter=300,max_leaf_nodes=31: roc_auc=0.988837 brier=0.068354
[category] logreg:C=0.1,class_weight=None,log1p=True: macro_f1=0.3908 log_loss=0.941536
[category] logreg:C=1.0,class_weight=None,log1p=True: macro_f1=0.41533 log_loss=0.903328
[category] logreg:C=10.0,class_weight=None,log1p=True: macro_f1=0.4444 log_loss=0.890326
[category] logreg:C=0.1,class_weight=balanced,log1p=True: macro_f1=0.431175 log_loss=1.255806
[category] logreg:C=1.0,class_weight=balanced,log1p=True: macro_f1=0.44949 log_loss=1.202357
[category] logreg:C=10.0,class_weight=balanced,log1p=True: macro_f1=0.462843 log_loss=1.183716
[category] logreg:C=1.0,class_weight=None,log1p=False: macro_f1=0.409738 log_loss=0.931294
[category] random_forest:n_estimators=100,class_weight=None: macro_f1=0.669427 log_loss=0.690806
[category] random_forest:n_estimators=300,class_weight=None: macro_f1=0.656378 log_loss=0.591249
[category] random_forest:n_estimators=100,class_weight=balanced_subsample: macro_f1=0.683537 log_loss=0.672241
[category] random_forest:n_estimators=300,class_weight=balanced_subsample: macro_f1=0.690609 log_loss=0.608983
[category] hist_gb:max_iter=100,class_weight=None: macro_f1=0.715518 log_loss=0.489092
[category] hist_gb:max_iter=300,class_weight=None: macro_f1=0.718545 log_loss=0.639995
[category] hist_gb:max_iter=100,class_weight=balanced: macro_f1=0.722387 log_loss=0.48565
[category] hist_gb:max_iter=300,class_weight=balanced: macro_f1=0.730576 log_loss=0.607216
[ablation path] logreg:C=0.1,class_weight=None,log1p=True: macro_f1=0.368426
[ablation path] logreg:C=1.0,class_weight=None,log1p=True: macro_f1=0.411835
[ablation path] logreg:C=10.0,class_weight=None,log1p=True: macro_f1=0.430764
[ablation path] logreg:C=0.1,class_weight=balanced,log1p=True: macro_f1=0.437303
[ablation path] logreg:C=1.0,class_weight=balanced,log1p=True: macro_f1=0.449543
[ablation path] logreg:C=10.0,class_weight=balanced,log1p=True: macro_f1=0.467958
[ablation path] logreg:C=1.0,class_weight=None,log1p=False: macro_f1=0.405226
[ablation path] random_forest:n_estimators=100,class_weight=None: macro_f1=0.623139
[ablation path] random_forest:n_estimators=300,class_weight=None: macro_f1=0.61777
[ablation path] random_forest:n_estimators=100,class_weight=balanced_subsample: macro_f1=0.619219
[ablation path] random_forest:n_estimators=300,class_weight=balanced_subsample: macro_f1=0.617527
[ablation path] hist_gb:max_iter=100,class_weight=None: macro_f1=0.643469
[ablation path] hist_gb:max_iter=300,class_weight=None: macro_f1=0.648016
[ablation path] hist_gb:max_iter=100,class_weight=balanced: macro_f1=0.660755
[ablation path] hist_gb:max_iter=300,class_weight=balanced: macro_f1=0.654894
[ablation path_and_slash_diagnostic] logreg:C=0.1,class_weight=None,log1p=True: macro_f1=0.360873
[ablation path_and_slash_diagnostic] logreg:C=1.0,class_weight=None,log1p=True: macro_f1=0.402268
[ablation path_and_slash_diagnostic] logreg:C=10.0,class_weight=None,log1p=True: macro_f1=0.424645
[ablation path_and_slash_diagnostic] logreg:C=0.1,class_weight=balanced,log1p=True: macro_f1=0.421697
[ablation path_and_slash_diagnostic] logreg:C=1.0,class_weight=balanced,log1p=True: macro_f1=0.448979
[ablation path_and_slash_diagnostic] logreg:C=10.0,class_weight=balanced,log1p=True: macro_f1=0.459338
[ablation path_and_slash_diagnostic] logreg:C=1.0,class_weight=None,log1p=False: macro_f1=0.391313
[ablation path_and_slash_diagnostic] random_forest:n_estimators=100,class_weight=None: macro_f1=0.615758
[ablation path_and_slash_diagnostic] random_forest:n_estimators=300,class_weight=None: macro_f1=0.612009
[ablation path_and_slash_diagnostic] random_forest:n_estimators=100,class_weight=balanced_subsample: macro_f1=0.620346
[ablation path_and_slash_diagnostic] random_forest:n_estimators=300,class_weight=balanced_subsample: macro_f1=0.626432
[ablation path_and_slash_diagnostic] hist_gb:max_iter=100,class_weight=None: macro_f1=0.643876
[ablation path_and_slash_diagnostic] hist_gb:max_iter=300,class_weight=None: macro_f1=0.618491
[ablation path_and_slash_diagnostic] hist_gb:max_iter=100,class_weight=balanced: macro_f1=0.626218
[ablation path_and_slash_diagnostic] hist_gb:max_iter=300,class_weight=balanced: macro_f1=0.633618
[importance] logreg done
[importance] random_forest done
[importance] hist_gb done
select: done
