firewall-IA Docker Lab smoke run 20260921T002643Z
log: ./docker/.lab-logs/smoke-20260921T002643Z.log

[1m== A. startup and readiness[0m
 Network firewall-ia-lab_firewall-lab Creating 
 Volume firewall-ia-lab_hf-home Creating 
 Volume firewall-ia-lab_hf-home Creating 
 Network firewall-ia-lab_firewall-lab Creating 
 Volume firewall-ia-lab_hf-home Created 
 Volume firewall-ia-lab_hf-home Created 
 Network firewall-ia-lab_firewall-lab Created 
 Network firewall-ia-lab_firewall-lab Created 
 Container firewall-ia-lab-destination-1 Creating 
 Container firewall-ia-lab-control-plane-1 Creating 
 Container firewall-ia-lab-control-plane-1 Created 
 Container firewall-ia-lab-data-plane-1 Creating 
 Container firewall-ia-lab-destination-1 Created 
 Container firewall-ia-lab-data-plane-1 Created 
 Container firewall-ia-lab-control-plane-1 Starting 
 Container firewall-ia-lab-destination-1 Starting 
 Container firewall-ia-lab-control-plane-1 Started 
 Container firewall-ia-lab-control-plane-1 Waiting 
 Container firewall-ia-lab-destination-1 Started 
 Container firewall-ia-lab-data-plane-1 Starting 


[1m== restoring the control plane[0m
