Warning: You are sending unauthenticated requests to the HF Hub. Please set a HF_TOKEN to enable higher rate limits and faster downloads.
Loading model from /home/sebas/Desktop/firewall-IA/model-output-v4-clean ...
Loading weights:   0%|          | 0/201 [00:00<?, ?it/s]Loading weights:   2%|▏         | 5/201 [00:00<00:04, 47.10it/s]Loading weights:  20%|██        | 41/201 [00:00<00:00, 224.27it/s]Loading weights:  39%|███▉      | 78/201 [00:00<00:00, 282.31it/s]Loading weights:  57%|█████▋    | 114/201 [00:00<00:00, 309.78it/s]Loading weights:  75%|███████▍  | 150/201 [00:00<00:00, 327.27it/s]Loading weights:  93%|█████████▎| 186/201 [00:00<00:00, 336.06it/s]Loading weights: 100%|██████████| 201/201 [00:00<00:00, 308.52it/s]
[transformers] Both `max_new_tokens` (=40) and `max_length`(=2048) seem to have been set. `max_new_tokens` will take precedence. Please refer to the documentation for more information. (https://huggingface.co/docs/transformers/main/en/main_classes/text_generation)
  1/135 BLOCK -> BLOCK (ok)
[transformers] Both `max_new_tokens` (=40) and `max_length`(=2048) seem to have been set. `max_new_tokens` will take precedence. Please refer to the documentation for more information. (https://huggingface.co/docs/transformers/main/en/main_classes/text_generation)
  2/135 BLOCK -> BLOCK (ok)
[transformers] Both `max_new_tokens` (=40) and `max_length`(=2048) seem to have been set. `max_new_tokens` will take precedence. Please refer to the documentation for more information. (https://huggingface.co/docs/transformers/main/en/main_classes/text_generation)
  3/135 BLOCK -> BLOCK (ok)
[transformers] Both `max_new_tokens` (=40) and `max_length`(=2048) seem to have been set. `max_new_tokens` will take precedence. Please refer to the documentation for more information. (https://huggingface.co/docs/transformers/main/en/main_classes/text_generation)
  4/135 BLOCK -> BLOCK (ok)
[transformers] Both `max_new_tokens` (=40) and `max_length`(=2048) seem to have been set. `max_new_tokens` will take precedence. Please refer to the documentation for more information. (https://huggingface.co/docs/transformers/main/en/main_classes/text_generation)
  5/135 BLOCK -> BLOCK (ok)
[transformers] Both `max_new_tokens` (=40) and `max_length`(=2048) seem to have been set. `max_new_tokens` will take precedence. Please refer to the documentation for more information. (https://huggingface.co/docs/transformers/main/en/main_classes/text_generation)
  6/135 BLOCK -> BLOCK (ok)
[transformers] Both `max_new_tokens` (=40) and `max_length`(=2048) seem to have been set. `max_new_tokens` will take precedence. Please refer to the documentation for more information. (https://huggingface.co/docs/transformers/main/en/main_classes/text_generation)
  7/135 BLOCK -> BLOCK (ok)
[transformers] Both `max_new_tokens` (=40) and `max_length`(=2048) seem to have been set. `max_new_tokens` will take precedence. Please refer to the documentation for more information. (https://huggingface.co/docs/transformers/main/en/main_classes/text_generation)
  8/135 BLOCK -> BLOCK (ok)
[transformers] Both `max_new_tokens` (=40) and `max_length`(=2048) seem to have been set. `max_new_tokens` will take precedence. Please refer to the documentation for more information. (https://huggingface.co/docs/transformers/main/en/main_classes/text_generation)
  9/135 BLOCK -> BLOCK (ok)
[transformers] Both `max_new_tokens` (=40) and `max_length`(=2048) seem to have been set. `max_new_tokens` will take precedence. Please refer to the documentation for more information. (https://huggingface.co/docs/transformers/main/en/main_classes/text_generation)
 10/135 BLOCK -> BLOCK (ok)
[transformers] Both `max_new_tokens` (=40) and `max_length`(=2048) seem to have been set. `max_new_tokens` will take precedence. Please refer to the documentation for more information. (https://huggingface.co/docs/transformers/main/en/main_classes/text_generation)
 11/135 BLOCK -> BLOCK (ok)
[transformers] Both `max_new_tokens` (=40) and `max_length`(=2048) seem to have been set. `max_new_tokens` will take precedence. Please refer to the documentation for more information. (https://huggingface.co/docs/transformers/main/en/main_classes/text_generation)
 12/135 BLOCK -> BLOCK (ok)
[transformers] Both `max_new_tokens` (=40) and `max_length`(=2048) seem to have been set. `max_new_tokens` will take precedence. Please refer to the documentation for more information. (https://huggingface.co/docs/transformers/main/en/main_classes/text_generation)
 13/135 BLOCK -> BLOCK (ok)
[transformers] Both `max_new_tokens` (=40) and `max_length`(=2048) seem to have been set. `max_new_tokens` will take precedence. Please refer to the documentation for more information. (https://huggingface.co/docs/transformers/main/en/main_classes/text_generation)
 14/135 BLOCK -> BLOCK (ok)
[transformers] Both `max_new_tokens` (=40) and `max_length`(=2048) seem to have been set. `max_new_tokens` will take precedence. Please refer to the documentation for more information. (https://huggingface.co/docs/transformers/main/en/main_classes/text_generation)
 15/135 BLOCK -> BLOCK (ok)
[transformers] Both `max_new_tokens` (=40) and `max_length`(=2048) seem to have been set. `max_new_tokens` will take precedence. Please refer to the documentation for more information. (https://huggingface.co/docs/transformers/main/en/main_classes/text_generation)
 16/135 BLOCK -> BLOCK (ok)
[transformers] Both `max_new_tokens` (=40) and `max_length`(=2048) seem to have been set. `max_new_tokens` will take precedence. Please refer to the documentation for more information. (https://huggingface.co/docs/transformers/main/en/main_classes/text_generation)
 17/135 BLOCK -> BLOCK (ok)
[transformers] Both `max_new_tokens` (=40) and `max_length`(=2048) seem to have been set. `max_new_tokens` will take precedence. Please refer to the documentation for more information. (https://huggingface.co/docs/transformers/main/en/main_classes/text_generation)
 18/135 BLOCK -> BLOCK (ok)
[transformers] Both `max_new_tokens` (=40) and `max_length`(=2048) seem to have been set. `max_new_tokens` will take precedence. Please refer to the documentation for more information. (https://huggingface.co/docs/transformers/main/en/main_classes/text_generation)
 19/135 BLOCK -> BLOCK (ok)
[transformers] Both `max_new_tokens` (=40) and `max_length`(=2048) seem to have been set. `max_new_tokens` will take precedence. Please refer to the documentation for more information. (https://huggingface.co/docs/transformers/main/en/main_classes/text_generation)
 20/135 BLOCK -> BLOCK (ok)
[transformers] Both `max_new_tokens` (=40) and `max_length`(=2048) seem to have been set. `max_new_tokens` will take precedence. Please refer to the documentation for more information. (https://huggingface.co/docs/transformers/main/en/main_classes/text_generation)
 21/135 BLOCK -> BLOCK (ok)
[transformers] Both `max_new_tokens` (=40) and `max_length`(=2048) seem to have been set. `max_new_tokens` will take precedence. Please refer to the documentation for more information. (https://huggingface.co/docs/transformers/main/en/main_classes/text_generation)
 22/135 BLOCK -> BLOCK (ok)
[transformers] Both `max_new_tokens` (=40) and `max_length`(=2048) seem to have been set. `max_new_tokens` will take precedence. Please refer to the documentation for more information. (https://huggingface.co/docs/transformers/main/en/main_classes/text_generation)
 23/135 BLOCK -> BLOCK (ok)
[transformers] Both `max_new_tokens` (=40) and `max_length`(=2048) seem to have been set. `max_new_tokens` will take precedence. Please refer to the documentation for more information. (https://huggingface.co/docs/transformers/main/en/main_classes/text_generation)
 24/135 BLOCK -> BLOCK (ok)
[transformers] Both `max_new_tokens` (=40) and `max_length`(=2048) seem to have been set. `max_new_tokens` will take precedence. Please refer to the documentation for more information. (https://huggingface.co/docs/transformers/main/en/main_classes/text_generation)
 25/135 BLOCK -> BLOCK (ok)
[transformers] Both `max_new_tokens` (=40) and `max_length`(=2048) seem to have been set. `max_new_tokens` will take precedence. Please refer to the documentation for more information. (https://huggingface.co/docs/transformers/main/en/main_classes/text_generation)
 26/135 BLOCK -> BLOCK (ok)
[transformers] Both `max_new_tokens` (=40) and `max_length`(=2048) seem to have been set. `max_new_tokens` will take precedence. Please refer to the documentation for more information. (https://huggingface.co/docs/transformers/main/en/main_classes/text_generation)
 27/135 BLOCK -> BLOCK (ok)
[transformers] Both `max_new_tokens` (=40) and `max_length`(=2048) seem to have been set. `max_new_tokens` will take precedence. Please refer to the documentation for more information. (https://huggingface.co/docs/transformers/main/en/main_classes/text_generation)
 28/135 BLOCK -> BLOCK (ok)
[transformers] Both `max_new_tokens` (=40) and `max_length`(=2048) seem to have been set. `max_new_tokens` will take precedence. Please refer to the documentation for more information. (https://huggingface.co/docs/transformers/main/en/main_classes/text_generation)
 29/135 BLOCK -> BLOCK (ok)
[transformers] Both `max_new_tokens` (=40) and `max_length`(=2048) seem to have been set. `max_new_tokens` will take precedence. Please refer to the documentation for more information. (https://huggingface.co/docs/transformers/main/en/main_classes/text_generation)
 30/135 BLOCK -> BLOCK (ok)
[transformers] Both `max_new_tokens` (=40) and `max_length`(=2048) seem to have been set. `max_new_tokens` will take precedence. Please refer to the documentation for more information. (https://huggingface.co/docs/transformers/main/en/main_classes/text_generation)
 31/135 BLOCK -> BLOCK (ok)
[transformers] Both `max_new_tokens` (=40) and `max_length`(=2048) seem to have been set. `max_new_tokens` will take precedence. Please refer to the documentation for more information. (https://huggingface.co/docs/transformers/main/en/main_classes/text_generation)
 32/135 BLOCK -> BLOCK (ok)
[transformers] Both `max_new_tokens` (=40) and `max_length`(=2048) seem to have been set. `max_new_tokens` will take precedence. Please refer to the documentation for more information. (https://huggingface.co/docs/transformers/main/en/main_classes/text_generation)
 33/135 BLOCK -> BLOCK (ok)
[transformers] Both `max_new_tokens` (=40) and `max_length`(=2048) seem to have been set. `max_new_tokens` will take precedence. Please refer to the documentation for more information. (https://huggingface.co/docs/transformers/main/en/main_classes/text_generation)
 34/135 BLOCK -> BLOCK (ok)
[transformers] Both `max_new_tokens` (=40) and `max_length`(=2048) seem to have been set. `max_new_tokens` will take precedence. Please refer to the documentation for more information. (https://huggingface.co/docs/transformers/main/en/main_classes/text_generation)
 35/135 BLOCK -> BLOCK (ok)
[transformers] Both `max_new_tokens` (=40) and `max_length`(=2048) seem to have been set. `max_new_tokens` will take precedence. Please refer to the documentation for more information. (https://huggingface.co/docs/transformers/main/en/main_classes/text_generation)
 36/135 BLOCK -> BLOCK (ok)
[transformers] Both `max_new_tokens` (=40) and `max_length`(=2048) seem to have been set. `max_new_tokens` will take precedence. Please refer to the documentation for more information. (https://huggingface.co/docs/transformers/main/en/main_classes/text_generation)
 37/135 BLOCK -> BLOCK (ok)
[transformers] Both `max_new_tokens` (=40) and `max_length`(=2048) seem to have been set. `max_new_tokens` will take precedence. Please refer to the documentation for more information. (https://huggingface.co/docs/transformers/main/en/main_classes/text_generation)
 38/135 BLOCK -> BLOCK (ok)
[transformers] Both `max_new_tokens` (=40) and `max_length`(=2048) seem to have been set. `max_new_tokens` will take precedence. Please refer to the documentation for more information. (https://huggingface.co/docs/transformers/main/en/main_classes/text_generation)
 39/135 BLOCK -> BLOCK (ok)
[transformers] Both `max_new_tokens` (=40) and `max_length`(=2048) seem to have been set. `max_new_tokens` will take precedence. Please refer to the documentation for more information. (https://huggingface.co/docs/transformers/main/en/main_classes/text_generation)
 40/135 BLOCK -> ALLOW (ok)
[transformers] Both `max_new_tokens` (=40) and `max_length`(=2048) seem to have been set. `max_new_tokens` will take precedence. Please refer to the documentation for more information. (https://huggingface.co/docs/transformers/main/en/main_classes/text_generation)
 41/135 BLOCK -> ALLOW (ok)
[transformers] Both `max_new_tokens` (=40) and `max_length`(=2048) seem to have been set. `max_new_tokens` will take precedence. Please refer to the documentation for more information. (https://huggingface.co/docs/transformers/main/en/main_classes/text_generation)
 42/135 BLOCK -> BLOCK (ok)
[transformers] Both `max_new_tokens` (=40) and `max_length`(=2048) seem to have been set. `max_new_tokens` will take precedence. Please refer to the documentation for more information. (https://huggingface.co/docs/transformers/main/en/main_classes/text_generation)
 43/135 BLOCK -> BLOCK (ok)
[transformers] Both `max_new_tokens` (=40) and `max_length`(=2048) seem to have been set. `max_new_tokens` will take precedence. Please refer to the documentation for more information. (https://huggingface.co/docs/transformers/main/en/main_classes/text_generation)
 44/135 BLOCK -> ALLOW (ok)
[transformers] Both `max_new_tokens` (=40) and `max_length`(=2048) seem to have been set. `max_new_tokens` will take precedence. Please refer to the documentation for more information. (https://huggingface.co/docs/transformers/main/en/main_classes/text_generation)
 45/135 BLOCK -> BLOCK (ok)
[transformers] Both `max_new_tokens` (=40) and `max_length`(=2048) seem to have been set. `max_new_tokens` will take precedence. Please refer to the documentation for more information. (https://huggingface.co/docs/transformers/main/en/main_classes/text_generation)
 46/135 BLOCK -> BLOCK (ok)
[transformers] Both `max_new_tokens` (=40) and `max_length`(=2048) seem to have been set. `max_new_tokens` will take precedence. Please refer to the documentation for more information. (https://huggingface.co/docs/transformers/main/en/main_classes/text_generation)
 47/135 BLOCK -> BLOCK (ok)
[transformers] Both `max_new_tokens` (=40) and `max_length`(=2048) seem to have been set. `max_new_tokens` will take precedence. Please refer to the documentation for more information. (https://huggingface.co/docs/transformers/main/en/main_classes/text_generation)
 48/135 BLOCK -> BLOCK (ok)
[transformers] Both `max_new_tokens` (=40) and `max_length`(=2048) seem to have been set. `max_new_tokens` will take precedence. Please refer to the documentation for more information. (https://huggingface.co/docs/transformers/main/en/main_classes/text_generation)
 49/135 BLOCK -> BLOCK (ok)
[transformers] Both `max_new_tokens` (=40) and `max_length`(=2048) seem to have been set. `max_new_tokens` will take precedence. Please refer to the documentation for more information. (https://huggingface.co/docs/transformers/main/en/main_classes/text_generation)
 50/135 BLOCK -> BLOCK (ok)
[transformers] Both `max_new_tokens` (=40) and `max_length`(=2048) seem to have been set. `max_new_tokens` will take precedence. Please refer to the documentation for more information. (https://huggingface.co/docs/transformers/main/en/main_classes/text_generation)
 51/135 BLOCK -> BLOCK (ok)
[transformers] Both `max_new_tokens` (=40) and `max_length`(=2048) seem to have been set. `max_new_tokens` will take precedence. Please refer to the documentation for more information. (https://huggingface.co/docs/transformers/main/en/main_classes/text_generation)
 52/135 BLOCK -> BLOCK (ok)
[transformers] Both `max_new_tokens` (=40) and `max_length`(=2048) seem to have been set. `max_new_tokens` will take precedence. Please refer to the documentation for more information. (https://huggingface.co/docs/transformers/main/en/main_classes/text_generation)
 53/135 BLOCK -> BLOCK (ok)
[transformers] Both `max_new_tokens` (=40) and `max_length`(=2048) seem to have been set. `max_new_tokens` will take precedence. Please refer to the documentation for more information. (https://huggingface.co/docs/transformers/main/en/main_classes/text_generation)
 54/135 BLOCK -> BLOCK (ok)
[transformers] Both `max_new_tokens` (=40) and `max_length`(=2048) seem to have been set. `max_new_tokens` will take precedence. Please refer to the documentation for more information. (https://huggingface.co/docs/transformers/main/en/main_classes/text_generation)
 55/135 BLOCK -> BLOCK (ok)
[transformers] Both `max_new_tokens` (=40) and `max_length`(=2048) seem to have been set. `max_new_tokens` will take precedence. Please refer to the documentation for more information. (https://huggingface.co/docs/transformers/main/en/main_classes/text_generation)
 56/135 BLOCK -> BLOCK (ok)
[transformers] Both `max_new_tokens` (=40) and `max_length`(=2048) seem to have been set. `max_new_tokens` will take precedence. Please refer to the documentation for more information. (https://huggingface.co/docs/transformers/main/en/main_classes/text_generation)
 57/135 BLOCK -> BLOCK (ok)
[transformers] Both `max_new_tokens` (=40) and `max_length`(=2048) seem to have been set. `max_new_tokens` will take precedence. Please refer to the documentation for more information. (https://huggingface.co/docs/transformers/main/en/main_classes/text_generation)
 58/135 BLOCK -> BLOCK (ok)
[transformers] Both `max_new_tokens` (=40) and `max_length`(=2048) seem to have been set. `max_new_tokens` will take precedence. Please refer to the documentation for more information. (https://huggingface.co/docs/transformers/main/en/main_classes/text_generation)
 59/135 BLOCK -> BLOCK (ok)
[transformers] Both `max_new_tokens` (=40) and `max_length`(=2048) seem to have been set. `max_new_tokens` will take precedence. Please refer to the documentation for more information. (https://huggingface.co/docs/transformers/main/en/main_classes/text_generation)
 60/135 BLOCK -> BLOCK (ok)
[transformers] Both `max_new_tokens` (=40) and `max_length`(=2048) seem to have been set. `max_new_tokens` will take precedence. Please refer to the documentation for more information. (https://huggingface.co/docs/transformers/main/en/main_classes/text_generation)
 61/135 BLOCK -> BLOCK (ok)
[transformers] Both `max_new_tokens` (=40) and `max_length`(=2048) seem to have been set. `max_new_tokens` will take precedence. Please refer to the documentation for more information. (https://huggingface.co/docs/transformers/main/en/main_classes/text_generation)
 62/135 BLOCK -> BLOCK (ok)
[transformers] Both `max_new_tokens` (=40) and `max_length`(=2048) seem to have been set. `max_new_tokens` will take precedence. Please refer to the documentation for more information. (https://huggingface.co/docs/transformers/main/en/main_classes/text_generation)
 63/135 BLOCK -> BLOCK (ok)
[transformers] Both `max_new_tokens` (=40) and `max_length`(=2048) seem to have been set. `max_new_tokens` will take precedence. Please refer to the documentation for more information. (https://huggingface.co/docs/transformers/main/en/main_classes/text_generation)
 64/135 BLOCK -> BLOCK (ok)
[transformers] Both `max_new_tokens` (=40) and `max_length`(=2048) seem to have been set. `max_new_tokens` will take precedence. Please refer to the documentation for more information. (https://huggingface.co/docs/transformers/main/en/main_classes/text_generation)
 65/135 BLOCK -> BLOCK (ok)
[transformers] Both `max_new_tokens` (=40) and `max_length`(=2048) seem to have been set. `max_new_tokens` will take precedence. Please refer to the documentation for more information. (https://huggingface.co/docs/transformers/main/en/main_classes/text_generation)
 66/135 BLOCK -> BLOCK (ok)
[transformers] Both `max_new_tokens` (=40) and `max_length`(=2048) seem to have been set. `max_new_tokens` will take precedence. Please refer to the documentation for more information. (https://huggingface.co/docs/transformers/main/en/main_classes/text_generation)
 67/135 BLOCK -> BLOCK (ok)
[transformers] Both `max_new_tokens` (=40) and `max_length`(=2048) seem to have been set. `max_new_tokens` will take precedence. Please refer to the documentation for more information. (https://huggingface.co/docs/transformers/main/en/main_classes/text_generation)
 68/135 BLOCK -> BLOCK (ok)
[transformers] Both `max_new_tokens` (=40) and `max_length`(=2048) seem to have been set. `max_new_tokens` will take precedence. Please refer to the documentation for more information. (https://huggingface.co/docs/transformers/main/en/main_classes/text_generation)
 69/135 BLOCK -> BLOCK (ok)
[transformers] Both `max_new_tokens` (=40) and `max_length`(=2048) seem to have been set. `max_new_tokens` will take precedence. Please refer to the documentation for more information. (https://huggingface.co/docs/transformers/main/en/main_classes/text_generation)
 70/135 BLOCK -> BLOCK (ok)
[transformers] Both `max_new_tokens` (=40) and `max_length`(=2048) seem to have been set. `max_new_tokens` will take precedence. Please refer to the documentation for more information. (https://huggingface.co/docs/transformers/main/en/main_classes/text_generation)
 71/135 BLOCK -> BLOCK (ok)
[transformers] Both `max_new_tokens` (=40) and `max_length`(=2048) seem to have been set. `max_new_tokens` will take precedence. Please refer to the documentation for more information. (https://huggingface.co/docs/transformers/main/en/main_classes/text_generation)
 72/135 BLOCK -> BLOCK (ok)
[transformers] Both `max_new_tokens` (=40) and `max_length`(=2048) seem to have been set. `max_new_tokens` will take precedence. Please refer to the documentation for more information. (https://huggingface.co/docs/transformers/main/en/main_classes/text_generation)
 73/135 BLOCK -> BLOCK (ok)
[transformers] Both `max_new_tokens` (=40) and `max_length`(=2048) seem to have been set. `max_new_tokens` will take precedence. Please refer to the documentation for more information. (https://huggingface.co/docs/transformers/main/en/main_classes/text_generation)
 74/135 BLOCK -> BLOCK (ok)
[transformers] Both `max_new_tokens` (=40) and `max_length`(=2048) seem to have been set. `max_new_tokens` will take precedence. Please refer to the documentation for more information. (https://huggingface.co/docs/transformers/main/en/main_classes/text_generation)
 75/135 BLOCK -> BLOCK (ok)
[transformers] Both `max_new_tokens` (=40) and `max_length`(=2048) seem to have been set. `max_new_tokens` will take precedence. Please refer to the documentation for more information. (https://huggingface.co/docs/transformers/main/en/main_classes/text_generation)
 76/135 BLOCK -> BLOCK (ok)
[transformers] Both `max_new_tokens` (=40) and `max_length`(=2048) seem to have been set. `max_new_tokens` will take precedence. Please refer to the documentation for more information. (https://huggingface.co/docs/transformers/main/en/main_classes/text_generation)
 77/135 BLOCK -> BLOCK (ok)
[transformers] Both `max_new_tokens` (=40) and `max_length`(=2048) seem to have been set. `max_new_tokens` will take precedence. Please refer to the documentation for more information. (https://huggingface.co/docs/transformers/main/en/main_classes/text_generation)
 78/135 BLOCK -> BLOCK (ok)
[transformers] Both `max_new_tokens` (=40) and `max_length`(=2048) seem to have been set. `max_new_tokens` will take precedence. Please refer to the documentation for more information. (https://huggingface.co/docs/transformers/main/en/main_classes/text_generation)
 79/135 BLOCK -> BLOCK (ok)
[transformers] Both `max_new_tokens` (=40) and `max_length`(=2048) seem to have been set. `max_new_tokens` will take precedence. Please refer to the documentation for more information. (https://huggingface.co/docs/transformers/main/en/main_classes/text_generation)
 80/135 BLOCK -> BLOCK (ok)
[transformers] Both `max_new_tokens` (=40) and `max_length`(=2048) seem to have been set. `max_new_tokens` will take precedence. Please refer to the documentation for more information. (https://huggingface.co/docs/transformers/main/en/main_classes/text_generation)
 81/135 BLOCK -> BLOCK (ok)
[transformers] Both `max_new_tokens` (=40) and `max_length`(=2048) seem to have been set. `max_new_tokens` will take precedence. Please refer to the documentation for more information. (https://huggingface.co/docs/transformers/main/en/main_classes/text_generation)
 82/135 BLOCK -> BLOCK (ok)
[transformers] Both `max_new_tokens` (=40) and `max_length`(=2048) seem to have been set. `max_new_tokens` will take precedence. Please refer to the documentation for more information. (https://huggingface.co/docs/transformers/main/en/main_classes/text_generation)
 83/135 BLOCK -> BLOCK (ok)
[transformers] Both `max_new_tokens` (=40) and `max_length`(=2048) seem to have been set. `max_new_tokens` will take precedence. Please refer to the documentation for more information. (https://huggingface.co/docs/transformers/main/en/main_classes/text_generation)
 84/135 BLOCK -> BLOCK (ok)
[transformers] Both `max_new_tokens` (=40) and `max_length`(=2048) seem to have been set. `max_new_tokens` will take precedence. Please refer to the documentation for more information. (https://huggingface.co/docs/transformers/main/en/main_classes/text_generation)
 85/135 BLOCK -> BLOCK (ok)
[transformers] Both `max_new_tokens` (=40) and `max_length`(=2048) seem to have been set. `max_new_tokens` will take precedence. Please refer to the documentation for more information. (https://huggingface.co/docs/transformers/main/en/main_classes/text_generation)
 86/135 BLOCK -> BLOCK (ok)
[transformers] Both `max_new_tokens` (=40) and `max_length`(=2048) seem to have been set. `max_new_tokens` will take precedence. Please refer to the documentation for more information. (https://huggingface.co/docs/transformers/main/en/main_classes/text_generation)
 87/135 BLOCK -> BLOCK (ok)
[transformers] Both `max_new_tokens` (=40) and `max_length`(=2048) seem to have been set. `max_new_tokens` will take precedence. Please refer to the documentation for more information. (https://huggingface.co/docs/transformers/main/en/main_classes/text_generation)
 88/135 BLOCK -> BLOCK (ok)
[transformers] Both `max_new_tokens` (=40) and `max_length`(=2048) seem to have been set. `max_new_tokens` will take precedence. Please refer to the documentation for more information. (https://huggingface.co/docs/transformers/main/en/main_classes/text_generation)
 89/135 BLOCK -> BLOCK (ok)
[transformers] Both `max_new_tokens` (=40) and `max_length`(=2048) seem to have been set. `max_new_tokens` will take precedence. Please refer to the documentation for more information. (https://huggingface.co/docs/transformers/main/en/main_classes/text_generation)
 90/135 BLOCK -> BLOCK (ok)
[transformers] Both `max_new_tokens` (=40) and `max_length`(=2048) seem to have been set. `max_new_tokens` will take precedence. Please refer to the documentation for more information. (https://huggingface.co/docs/transformers/main/en/main_classes/text_generation)
 91/135 BLOCK -> BLOCK (ok)
[transformers] Both `max_new_tokens` (=40) and `max_length`(=2048) seem to have been set. `max_new_tokens` will take precedence. Please refer to the documentation for more information. (https://huggingface.co/docs/transformers/main/en/main_classes/text_generation)
 92/135 BLOCK -> BLOCK (ok)
[transformers] Both `max_new_tokens` (=40) and `max_length`(=2048) seem to have been set. `max_new_tokens` will take precedence. Please refer to the documentation for more information. (https://huggingface.co/docs/transformers/main/en/main_classes/text_generation)
 93/135 BLOCK -> ALLOW (ok)
[transformers] Both `max_new_tokens` (=40) and `max_length`(=2048) seem to have been set. `max_new_tokens` will take precedence. Please refer to the documentation for more information. (https://huggingface.co/docs/transformers/main/en/main_classes/text_generation)
 94/135 BLOCK -> ALLOW (ok)
[transformers] Both `max_new_tokens` (=40) and `max_length`(=2048) seem to have been set. `max_new_tokens` will take precedence. Please refer to the documentation for more information. (https://huggingface.co/docs/transformers/main/en/main_classes/text_generation)
 95/135 BLOCK -> BLOCK (ok)
[transformers] Both `max_new_tokens` (=40) and `max_length`(=2048) seem to have been set. `max_new_tokens` will take precedence. Please refer to the documentation for more information. (https://huggingface.co/docs/transformers/main/en/main_classes/text_generation)
 96/135 BLOCK -> BLOCK (ok)
[transformers] Both `max_new_tokens` (=40) and `max_length`(=2048) seem to have been set. `max_new_tokens` will take precedence. Please refer to the documentation for more information. (https://huggingface.co/docs/transformers/main/en/main_classes/text_generation)
 97/135 BLOCK -> BLOCK (ok)
[transformers] Both `max_new_tokens` (=40) and `max_length`(=2048) seem to have been set. `max_new_tokens` will take precedence. Please refer to the documentation for more information. (https://huggingface.co/docs/transformers/main/en/main_classes/text_generation)
 98/135 BLOCK -> BLOCK (ok)
[transformers] Both `max_new_tokens` (=40) and `max_length`(=2048) seem to have been set. `max_new_tokens` will take precedence. Please refer to the documentation for more information. (https://huggingface.co/docs/transformers/main/en/main_classes/text_generation)
 99/135 BLOCK -> BLOCK (ok)
[transformers] Both `max_new_tokens` (=40) and `max_length`(=2048) seem to have been set. `max_new_tokens` will take precedence. Please refer to the documentation for more information. (https://huggingface.co/docs/transformers/main/en/main_classes/text_generation)
100/135 BLOCK -> BLOCK (ok)
[transformers] Both `max_new_tokens` (=40) and `max_length`(=2048) seem to have been set. `max_new_tokens` will take precedence. Please refer to the documentation for more information. (https://huggingface.co/docs/transformers/main/en/main_classes/text_generation)
101/135 BLOCK -> BLOCK (ok)
[transformers] Both `max_new_tokens` (=40) and `max_length`(=2048) seem to have been set. `max_new_tokens` will take precedence. Please refer to the documentation for more information. (https://huggingface.co/docs/transformers/main/en/main_classes/text_generation)
102/135 BLOCK -> BLOCK (ok)
[transformers] Both `max_new_tokens` (=40) and `max_length`(=2048) seem to have been set. `max_new_tokens` will take precedence. Please refer to the documentation for more information. (https://huggingface.co/docs/transformers/main/en/main_classes/text_generation)
103/135 BLOCK -> BLOCK (ok)
[transformers] Both `max_new_tokens` (=40) and `max_length`(=2048) seem to have been set. `max_new_tokens` will take precedence. Please refer to the documentation for more information. (https://huggingface.co/docs/transformers/main/en/main_classes/text_generation)
104/135 BLOCK -> BLOCK (ok)
[transformers] Both `max_new_tokens` (=40) and `max_length`(=2048) seem to have been set. `max_new_tokens` will take precedence. Please refer to the documentation for more information. (https://huggingface.co/docs/transformers/main/en/main_classes/text_generation)
105/135 BLOCK -> BLOCK (ok)
[transformers] Both `max_new_tokens` (=40) and `max_length`(=2048) seem to have been set. `max_new_tokens` will take precedence. Please refer to the documentation for more information. (https://huggingface.co/docs/transformers/main/en/main_classes/text_generation)
106/135 BLOCK -> BLOCK (ok)
[transformers] Both `max_new_tokens` (=40) and `max_length`(=2048) seem to have been set. `max_new_tokens` will take precedence. Please refer to the documentation for more information. (https://huggingface.co/docs/transformers/main/en/main_classes/text_generation)
107/135 BLOCK -> BLOCK (ok)
[transformers] Both `max_new_tokens` (=40) and `max_length`(=2048) seem to have been set. `max_new_tokens` will take precedence. Please refer to the documentation for more information. (https://huggingface.co/docs/transformers/main/en/main_classes/text_generation)
108/135 BLOCK -> BLOCK (ok)
[transformers] Both `max_new_tokens` (=40) and `max_length`(=2048) seem to have been set. `max_new_tokens` will take precedence. Please refer to the documentation for more information. (https://huggingface.co/docs/transformers/main/en/main_classes/text_generation)
109/135 BLOCK -> BLOCK (ok)
[transformers] Both `max_new_tokens` (=40) and `max_length`(=2048) seem to have been set. `max_new_tokens` will take precedence. Please refer to the documentation for more information. (https://huggingface.co/docs/transformers/main/en/main_classes/text_generation)
110/135 ALLOW -> BLOCK (ok)
[transformers] Both `max_new_tokens` (=40) and `max_length`(=2048) seem to have been set. `max_new_tokens` will take precedence. Please refer to the documentation for more information. (https://huggingface.co/docs/transformers/main/en/main_classes/text_generation)
111/135 ALLOW -> ALLOW (ok)
[transformers] Both `max_new_tokens` (=40) and `max_length`(=2048) seem to have been set. `max_new_tokens` will take precedence. Please refer to the documentation for more information. (https://huggingface.co/docs/transformers/main/en/main_classes/text_generation)
112/135 ALLOW -> BLOCK (ok)
[transformers] Both `max_new_tokens` (=40) and `max_length`(=2048) seem to have been set. `max_new_tokens` will take precedence. Please refer to the documentation for more information. (https://huggingface.co/docs/transformers/main/en/main_classes/text_generation)
113/135 ALLOW -> ALLOW (ok)
[transformers] Both `max_new_tokens` (=40) and `max_length`(=2048) seem to have been set. `max_new_tokens` will take precedence. Please refer to the documentation for more information. (https://huggingface.co/docs/transformers/main/en/main_classes/text_generation)
114/135 ALLOW -> ALLOW (ok)
[transformers] Both `max_new_tokens` (=40) and `max_length`(=2048) seem to have been set. `max_new_tokens` will take precedence. Please refer to the documentation for more information. (https://huggingface.co/docs/transformers/main/en/main_classes/text_generation)
115/135 ALLOW -> ALLOW (ok)
[transformers] Both `max_new_tokens` (=40) and `max_length`(=2048) seem to have been set. `max_new_tokens` will take precedence. Please refer to the documentation for more information. (https://huggingface.co/docs/transformers/main/en/main_classes/text_generation)
116/135 ALLOW -> ALLOW (ok)
[transformers] Both `max_new_tokens` (=40) and `max_length`(=2048) seem to have been set. `max_new_tokens` will take precedence. Please refer to the documentation for more information. (https://huggingface.co/docs/transformers/main/en/main_classes/text_generation)
117/135 ALLOW -> ALLOW (ok)
[transformers] Both `max_new_tokens` (=40) and `max_length`(=2048) seem to have been set. `max_new_tokens` will take precedence. Please refer to the documentation for more information. (https://huggingface.co/docs/transformers/main/en/main_classes/text_generation)
118/135 ALLOW -> ALLOW (ok)
[transformers] Both `max_new_tokens` (=40) and `max_length`(=2048) seem to have been set. `max_new_tokens` will take precedence. Please refer to the documentation for more information. (https://huggingface.co/docs/transformers/main/en/main_classes/text_generation)
119/135 ALLOW -> ALLOW (ok)
[transformers] Both `max_new_tokens` (=40) and `max_length`(=2048) seem to have been set. `max_new_tokens` will take precedence. Please refer to the documentation for more information. (https://huggingface.co/docs/transformers/main/en/main_classes/text_generation)
120/135 ALLOW -> ALLOW (ok)
[transformers] Both `max_new_tokens` (=40) and `max_length`(=2048) seem to have been set. `max_new_tokens` will take precedence. Please refer to the documentation for more information. (https://huggingface.co/docs/transformers/main/en/main_classes/text_generation)
121/135 ALLOW -> ALLOW (ok)
[transformers] Both `max_new_tokens` (=40) and `max_length`(=2048) seem to have been set. `max_new_tokens` will take precedence. Please refer to the documentation for more information. (https://huggingface.co/docs/transformers/main/en/main_classes/text_generation)
122/135 ALLOW -> BLOCK (ok)
[transformers] Both `max_new_tokens` (=40) and `max_length`(=2048) seem to have been set. `max_new_tokens` will take precedence. Please refer to the documentation for more information. (https://huggingface.co/docs/transformers/main/en/main_classes/text_generation)
123/135 ALLOW -> ALLOW (ok)
[transformers] Both `max_new_tokens` (=40) and `max_length`(=2048) seem to have been set. `max_new_tokens` will take precedence. Please refer to the documentation for more information. (https://huggingface.co/docs/transformers/main/en/main_classes/text_generation)
124/135 ALLOW -> ALLOW (ok)
[transformers] Both `max_new_tokens` (=40) and `max_length`(=2048) seem to have been set. `max_new_tokens` will take precedence. Please refer to the documentation for more information. (https://huggingface.co/docs/transformers/main/en/main_classes/text_generation)
125/135 ALLOW -> ALLOW (ok)
[transformers] Both `max_new_tokens` (=40) and `max_length`(=2048) seem to have been set. `max_new_tokens` will take precedence. Please refer to the documentation for more information. (https://huggingface.co/docs/transformers/main/en/main_classes/text_generation)
126/135 ALLOW -> ALLOW (ok)
[transformers] Both `max_new_tokens` (=40) and `max_length`(=2048) seem to have been set. `max_new_tokens` will take precedence. Please refer to the documentation for more information. (https://huggingface.co/docs/transformers/main/en/main_classes/text_generation)
127/135 ALLOW -> ALLOW (ok)
[transformers] Both `max_new_tokens` (=40) and `max_length`(=2048) seem to have been set. `max_new_tokens` will take precedence. Please refer to the documentation for more information. (https://huggingface.co/docs/transformers/main/en/main_classes/text_generation)
128/135 ALLOW -> BLOCK (ok)
[transformers] Both `max_new_tokens` (=40) and `max_length`(=2048) seem to have been set. `max_new_tokens` will take precedence. Please refer to the documentation for more information. (https://huggingface.co/docs/transformers/main/en/main_classes/text_generation)
129/135 ALLOW -> BLOCK (ok)
[transformers] Both `max_new_tokens` (=40) and `max_length`(=2048) seem to have been set. `max_new_tokens` will take precedence. Please refer to the documentation for more information. (https://huggingface.co/docs/transformers/main/en/main_classes/text_generation)
130/135 ALLOW -> ALLOW (ok)
[transformers] Both `max_new_tokens` (=40) and `max_length`(=2048) seem to have been set. `max_new_tokens` will take precedence. Please refer to the documentation for more information. (https://huggingface.co/docs/transformers/main/en/main_classes/text_generation)
131/135 ALLOW -> BLOCK (ok)
[transformers] Both `max_new_tokens` (=40) and `max_length`(=2048) seem to have been set. `max_new_tokens` will take precedence. Please refer to the documentation for more information. (https://huggingface.co/docs/transformers/main/en/main_classes/text_generation)
132/135 ALLOW -> ALLOW (ok)
[transformers] Both `max_new_tokens` (=40) and `max_length`(=2048) seem to have been set. `max_new_tokens` will take precedence. Please refer to the documentation for more information. (https://huggingface.co/docs/transformers/main/en/main_classes/text_generation)
133/135 ALLOW -> ALLOW (ok)
[transformers] Both `max_new_tokens` (=40) and `max_length`(=2048) seem to have been set. `max_new_tokens` will take precedence. Please refer to the documentation for more information. (https://huggingface.co/docs/transformers/main/en/main_classes/text_generation)
134/135 ALLOW -> ALLOW (ok)
[transformers] Both `max_new_tokens` (=40) and `max_length`(=2048) seem to have been set. `max_new_tokens` will take precedence. Please refer to the documentation for more information. (https://huggingface.co/docs/transformers/main/en/main_classes/text_generation)
135/135 ALLOW -> ALLOW (ok)
{
  "per_category_matches": true,
  "per_category_mismatches": {},
  "confusion_rerun": {
    "TP": 104,
    "FP": 6,
    "FN": 5,
    "TN": 20
  },
  "confusion_stored": {
    "TP": 104,
    "FP": 6,
    "FN": 5,
    "TN": 20
  },
  "confusion_matches": true
}
