get-simple rep=1 status=200
get-simple rep=2 status=200
get-simple rep=3 status=200
get-query rep=1 status=200
get-query rep=2 status=200
get-query rep=3 status=200
post-form rep=1 status=200
post-form rep=2 status=200
post-form rep=3 status=200
post-json rep=1 status=403
post-json rep=2 status=403
post-json rep=3 status=403
get-unicode-pct rep=1 status=200
get-unicode-pct rep=2 status=200
get-unicode-pct rep=3 status=200
get-repeated rep=1 status=403
get-repeated rep=2 status=403
get-repeated rep=3 status=403
get-long-path rep=1 status=403
get-long-path rep=2 status=403
get-long-path rep=3 status=403
get-sqli rep=1 status=403
get-sqli rep=2 status=403
get-sqli rep=3 status=403
get-xss rep=1 status=403
get-xss rep=2 status=403
get-xss rep=3 status=403
get-traversal rep=1 status=403
get-traversal rep=2 status=403
get-traversal rep=3 status=403
post-form-cmdi rep=1 status=403
post-form-cmdi rep=2 status=403
post-form-cmdi rep=3 status=403
